Archive member included to satisfy reference by file (symbol)

c:/program files (x86)/atmel/studio/7.0/toolchain/avr8/avr8-gnu-toolchain/bin/../lib/gcc/avr/5.4.0/avrxmega2\libgcc.a(_udivmodhi4.o)
                              helper_functions.o (__udivmodhi4)
c:/program files (x86)/atmel/studio/7.0/toolchain/avr8/avr8-gnu-toolchain/bin/../lib/gcc/avr/5.4.0/avrxmega2\libgcc.a(_exit.o)
                              C:/Program Files (x86)/Atmel/Studio/7.0/Packs/atmel/XMEGAC_DFP/1.1.50/gcc/dev/atxmega32c4/avrxmega2/crtatxmega32c4.o (exit)
c:/program files (x86)/atmel/studio/7.0/toolchain/avr8/avr8-gnu-toolchain/bin/../lib/gcc/avr/5.4.0/avrxmega2\libgcc.a(_tablejump2.o)
                              LUFA/Drivers/USB/Core/DeviceStandardReq.o (__tablejump2__)
c:/program files (x86)/atmel/studio/7.0/toolchain/avr8/avr8-gnu-toolchain/bin/../lib/gcc/avr/5.4.0/avrxmega2\libgcc.a(_copy_data.o)
                              Descriptors.o (__do_copy_data)
c:/program files (x86)/atmel/studio/7.0/toolchain/avr8/avr8-gnu-toolchain/bin/../lib/gcc/avr/5.4.0/avrxmega2\libgcc.a(_clear_bss.o)
                              LUFA/Drivers/USB/Core/DeviceStandardReq.o (__do_clear_bss)
c:/program files (x86)/atmel/studio/7.0/toolchain/avr8/avr8-gnu-toolchain/bin/../lib/gcc/avr/5.4.0/avrxmega2\libgcc.a(_umulhisi3.o)
                              helper_functions.o (__umulhisi3)
C:/Program Files (x86)/Atmel/Studio/7.0/Packs/atmel/XMEGAC_DFP/1.1.50/gcc/dev/atxmega32c4/avrxmega2\libatxmega32c4.a(eerd_byte.o)
                              LUFA/Drivers/USB/Core/XMEGA/EndpointStream_XMEGA.o (eeprom_read_byte)
C:/Program Files (x86)/Atmel/Studio/7.0/Packs/atmel/XMEGAC_DFP/1.1.50/gcc/dev/atxmega32c4/avrxmega2\libatxmega32c4.a(eeupd_byte.o)
                              LUFA/Drivers/USB/Core/XMEGA/EndpointStream_XMEGA.o (eeprom_update_byte)
C:/Program Files (x86)/Atmel/Studio/7.0/Packs/atmel/XMEGAC_DFP/1.1.50/gcc/dev/atxmega32c4/avrxmega2\libatxmega32c4.a(eewr_byte.o)
                              C:/Program Files (x86)/Atmel/Studio/7.0/Packs/atmel/XMEGAC_DFP/1.1.50/gcc/dev/atxmega32c4/avrxmega2\libatxmega32c4.a(eeupd_byte.o) (eeprom_write_r18)

Allocating common symbols
Common symbol       size              file

tx3_buffer          0x37              can-bridge-ccs.o
USB_IsInitialized   0x1               LUFA/Drivers/USB/Core/USBTask.o
USB_EndpointTable   0x53              LUFA/Drivers/USB/Core/XMEGA/USBController_XMEGA.o
USB_Endpoint_SelectedFIFO
                    0x2               LUFA/Drivers/USB/Core/XMEGA/Endpoint_XMEGA.o
USB_DeviceState     0x1               LUFA/Drivers/USB/Core/USBTask.o
USB_Device_ConfigurationNumber
                    0x1               LUFA/Drivers/USB/Core/DeviceStandardReq.o
USB_Endpoint_SelectedHandle
                    0x2               LUFA/Drivers/USB/Core/XMEGA/Endpoint_XMEGA.o
USB_Options         0x1               LUFA/Drivers/USB/Core/XMEGA/USBController_XMEGA.o
USB_Device_CurrentlySelfPowered
                    0x1               LUFA/Drivers/USB/Core/DeviceStandardReq.o
USB_Endpoint_SelectedEndpoint
                    0x1               LUFA/Drivers/USB/Core/XMEGA/Endpoint_XMEGA.o
USB_ControlRequest  0x8               LUFA/Drivers/USB/Core/USBTask.o
tx2_buffer          0xb0              can-bridge-ccs.o
USB_Endpoint_FIFOs  0x294             LUFA/Drivers/USB/Core/XMEGA/Endpoint_XMEGA.o
USB_Device_RemoteWakeupEnabled
                    0x1               LUFA/Drivers/USB/Core/DeviceStandardReq.o
tx0_buffer          0xb0              can-bridge-ccs.o

Discarded input sections

 .data          0x00000000        0x0 C:/Program Files (x86)/Atmel/Studio/7.0/Packs/atmel/XMEGAC_DFP/1.1.50/gcc/dev/atxmega32c4/avrxmega2/crtatxmega32c4.o
 .bss           0x00000000        0x0 C:/Program Files (x86)/Atmel/Studio/7.0/Packs/atmel/XMEGAC_DFP/1.1.50/gcc/dev/atxmega32c4/avrxmega2/crtatxmega32c4.o
 .text          0x00000000        0x0 Descriptors.o
 .data          0x00000000        0x0 Descriptors.o
 .bss           0x00000000        0x0 Descriptors.o
 .text.CALLBACK_USB_GetDescriptor
                0x00000000       0x72 Descriptors.o
 .rodata.ProductString
                0x00000000       0x18 Descriptors.o
 .rodata.ManufacturerString
                0x00000000       0x1e Descriptors.o
 .rodata.LanguageString
                0x00000000        0x4 Descriptors.o
 .rodata.ConfigurationDescriptor
                0x00000000       0x3e Descriptors.o
 .rodata.DeviceDescriptor
                0x00000000       0x12 Descriptors.o
 .debug_info    0x00000000      0x938 Descriptors.o
 .debug_abbrev  0x00000000      0x18d Descriptors.o
 .debug_loc     0x00000000      0x1bd Descriptors.o
 .debug_aranges
                0x00000000       0x20 Descriptors.o
 .debug_ranges  0x00000000       0x10 Descriptors.o
 .debug_line    0x00000000      0x2e0 Descriptors.o
 .debug_str     0x00000000      0xc78 Descriptors.o
 .comment       0x00000000       0x31 Descriptors.o
 .debug_frame   0x00000000       0x24 Descriptors.o
 .text          0x00000000        0x0 helper_functions.o
 .data          0x00000000        0x0 helper_functions.o
 .bss           0x00000000        0x0 helper_functions.o
 .text.SID_to_str
                0x00000000       0x6e helper_functions.o
 .text.uint32_to_str
                0x00000000       0x82 helper_functions.o
 .text.canframe_to_str
                0x00000000       0xae helper_functions.o
 .text.int_to_hex
                0x00000000       0x42 helper_functions.o
 .text.calc_crc8
                0x00000000       0x2c helper_functions.o
 .text.calc_sum4
                0x00000000       0x36 helper_functions.o
 .text.int_to_3digit
                0x00000000       0x54 helper_functions.o
 .text.int_to_4digit
                0x00000000       0x98 helper_functions.o
 .text.int_to_4digit_nodec
                0x00000000       0x54 helper_functions.o
 .text.int_to_5digit
                0x00000000       0x46 helper_functions.o
 .text.ReadCalibrationByte
                0x00000000       0x12 helper_functions.o
 .text.NVM_GetGUID
                0x00000000       0x64 helper_functions.o
 .data.crctable
                0x00000000      0x100 helper_functions.o
 .debug_info    0x00000000      0x6b4 helper_functions.o
 .debug_abbrev  0x00000000      0x17b helper_functions.o
 .debug_loc     0x00000000      0xd6f helper_functions.o
 .debug_aranges
                0x00000000       0x78 helper_functions.o
 .debug_ranges  0x00000000       0x80 helper_functions.o
 .debug_line    0x00000000      0x4d8 helper_functions.o
 .debug_str     0x00000000      0x65a helper_functions.o
 .comment       0x00000000       0x31 helper_functions.o
 .debug_frame   0x00000000      0x19c helper_functions.o
 .text          0x00000000        0x0 LUFA/Drivers/USB/Class/Device/CDCClassDevice.o
 .data          0x00000000        0x0 LUFA/Drivers/USB/Class/Device/CDCClassDevice.o
 .bss           0x00000000        0x0 LUFA/Drivers/USB/Class/Device/CDCClassDevice.o
 .text.CDC_Device_ConfigureEndpoints
                0x00000000       0x4a LUFA/Drivers/USB/Class/Device/CDCClassDevice.o
 .text.CDC_Device_SendString
                0x00000000       0x4e LUFA/Drivers/USB/Class/Device/CDCClassDevice.o
 .text.CDC_Device_SendData
                0x00000000       0x4a LUFA/Drivers/USB/Class/Device/CDCClassDevice.o
 .text.CDC_Device_SendByte
                0x00000000       0x5c LUFA/Drivers/USB/Class/Device/CDCClassDevice.o
 .text.CDC_Device_putchar
                0x00000000       0x22 LUFA/Drivers/USB/Class/Device/CDCClassDevice.o
 .text.CDC_Device_Flush
                0x00000000       0xa0 LUFA/Drivers/USB/Class/Device/CDCClassDevice.o
 .text.CDC_Device_USBTask
                0x00000000       0x3a LUFA/Drivers/USB/Class/Device/CDCClassDevice.o
 .text.CDC_Device_BytesReceived
                0x00000000       0xbe LUFA/Drivers/USB/Class/Device/CDCClassDevice.o
 .text.CDC_Device_ReceiveByte
                0x00000000       0xd6 LUFA/Drivers/USB/Class/Device/CDCClassDevice.o
 .text.CDC_Device_getchar
                0x00000000       0x14 LUFA/Drivers/USB/Class/Device/CDCClassDevice.o
 .text.CDC_Device_getchar_Blocking
                0x00000000       0x34 LUFA/Drivers/USB/Class/Device/CDCClassDevice.o
 .rodata        0x00000000        0x8 LUFA/Drivers/USB/Class/Device/CDCClassDevice.o
 .text.CDC_Device_SendControlLineStateChange
                0x00000000       0x7a LUFA/Drivers/USB/Class/Device/CDCClassDevice.o
 .text.CDC_Device_CreateStream
                0x00000000       0x26 LUFA/Drivers/USB/Class/Device/CDCClassDevice.o
 .text.CDC_Device_CreateBlockingStream
                0x00000000       0x26 LUFA/Drivers/USB/Class/Device/CDCClassDevice.o
 .text.CDC_Device_Event_Stub
                0x00000000        0x2 LUFA/Drivers/USB/Class/Device/CDCClassDevice.o
 .text.CDC_Device_ProcessControlRequest
                0x00000000      0x158 LUFA/Drivers/USB/Class/Device/CDCClassDevice.o
 .debug_info    0x00000000      0xf72 LUFA/Drivers/USB/Class/Device/CDCClassDevice.o
 .debug_abbrev  0x00000000      0x394 LUFA/Drivers/USB/Class/Device/CDCClassDevice.o
 .debug_loc     0x00000000      0x91a LUFA/Drivers/USB/Class/Device/CDCClassDevice.o
 .debug_aranges
                0x00000000       0x98 LUFA/Drivers/USB/Class/Device/CDCClassDevice.o
 .debug_ranges  0x00000000       0x88 LUFA/Drivers/USB/Class/Device/CDCClassDevice.o
 .debug_line    0x00000000      0x7b3 LUFA/Drivers/USB/Class/Device/CDCClassDevice.o
 .debug_str     0x00000000      0xb3a LUFA/Drivers/USB/Class/Device/CDCClassDevice.o
 .comment       0x00000000       0x31 LUFA/Drivers/USB/Class/Device/CDCClassDevice.o
 .debug_frame   0x00000000      0x1bc LUFA/Drivers/USB/Class/Device/CDCClassDevice.o
 .text          0x00000000        0x0 LUFA/Drivers/USB/Core/ConfigDescriptors.o
 .data          0x00000000        0x0 LUFA/Drivers/USB/Core/ConfigDescriptors.o
 .bss           0x00000000        0x0 LUFA/Drivers/USB/Core/ConfigDescriptors.o
 .text.USB_GetNextDescriptorOfType
                0x00000000       0x4e LUFA/Drivers/USB/Core/ConfigDescriptors.o
 .text.USB_GetNextDescriptorOfTypeBefore
                0x00000000       0x5c LUFA/Drivers/USB/Core/ConfigDescriptors.o
 .text.USB_GetNextDescriptorOfTypeAfter
                0x00000000       0x34 LUFA/Drivers/USB/Core/ConfigDescriptors.o
 .text.USB_GetNextDescriptorComp
                0x00000000       0x8e LUFA/Drivers/USB/Core/ConfigDescriptors.o
 .debug_info    0x00000000      0x608 LUFA/Drivers/USB/Core/ConfigDescriptors.o
 .debug_abbrev  0x00000000      0x239 LUFA/Drivers/USB/Core/ConfigDescriptors.o
 .debug_loc     0x00000000      0x457 LUFA/Drivers/USB/Core/ConfigDescriptors.o
 .debug_aranges
                0x00000000       0x38 LUFA/Drivers/USB/Core/ConfigDescriptors.o
 .debug_ranges  0x00000000       0x28 LUFA/Drivers/USB/Core/ConfigDescriptors.o
 .debug_line    0x00000000      0x2b0 LUFA/Drivers/USB/Core/ConfigDescriptors.o
 .debug_str     0x00000000      0x50c LUFA/Drivers/USB/Core/ConfigDescriptors.o
 .comment       0x00000000       0x31 LUFA/Drivers/USB/Core/ConfigDescriptors.o
 .debug_frame   0x00000000       0xbc LUFA/Drivers/USB/Core/ConfigDescriptors.o
 .text          0x00000000        0x0 LUFA/Drivers/USB/Core/DeviceStandardReq.o
 .data          0x00000000        0x0 LUFA/Drivers/USB/Core/DeviceStandardReq.o
 .bss           0x00000000        0x0 LUFA/Drivers/USB/Core/DeviceStandardReq.o
 .text.USB_Device_ProcessControlRequest
                0x00000000      0x2b0 LUFA/Drivers/USB/Core/DeviceStandardReq.o
 .progmem.gcc_sw_table.USB_Device_ProcessControlRequest
                0x00000000       0x14 LUFA/Drivers/USB/Core/DeviceStandardReq.o
 .text          0x00000000        0x0 LUFA/Drivers/USB/Core/Events.o
 .data          0x00000000        0x0 LUFA/Drivers/USB/Core/Events.o
 .bss           0x00000000        0x0 LUFA/Drivers/USB/Core/Events.o
 .text          0x00000000        0x0 LUFA/Drivers/USB/Core/USBTask.o
 .data          0x00000000        0x0 LUFA/Drivers/USB/Core/USBTask.o
 .bss           0x00000000        0x0 LUFA/Drivers/USB/Core/USBTask.o
 .text.USB_USBTask
                0x00000000       0x28 LUFA/Drivers/USB/Core/USBTask.o
 .text          0x00000000        0x0 LUFA/Drivers/USB/Core/XMEGA/Device_XMEGA.o
 .data          0x00000000        0x0 LUFA/Drivers/USB/Core/XMEGA/Device_XMEGA.o
 .bss           0x00000000        0x0 LUFA/Drivers/USB/Core/XMEGA/Device_XMEGA.o
 .text.USB_Device_SendRemoteWakeup
                0x00000000        0xc LUFA/Drivers/USB/Core/XMEGA/Device_XMEGA.o
 .debug_info    0x00000000      0x670 LUFA/Drivers/USB/Core/XMEGA/Device_XMEGA.o
 .debug_abbrev  0x00000000      0x11e LUFA/Drivers/USB/Core/XMEGA/Device_XMEGA.o
 .debug_aranges
                0x00000000       0x20 LUFA/Drivers/USB/Core/XMEGA/Device_XMEGA.o
 .debug_ranges  0x00000000       0x10 LUFA/Drivers/USB/Core/XMEGA/Device_XMEGA.o
 .debug_line    0x00000000      0x170 LUFA/Drivers/USB/Core/XMEGA/Device_XMEGA.o
 .debug_str     0x00000000      0x5f9 LUFA/Drivers/USB/Core/XMEGA/Device_XMEGA.o
 .comment       0x00000000       0x31 LUFA/Drivers/USB/Core/XMEGA/Device_XMEGA.o
 .debug_frame   0x00000000       0x24 LUFA/Drivers/USB/Core/XMEGA/Device_XMEGA.o
 .text          0x00000000        0x0 LUFA/Drivers/USB/Core/XMEGA/EndpointStream_XMEGA.o
 .data          0x00000000        0x0 LUFA/Drivers/USB/Core/XMEGA/EndpointStream_XMEGA.o
 .bss           0x00000000        0x0 LUFA/Drivers/USB/Core/XMEGA/EndpointStream_XMEGA.o
 .text.Endpoint_Discard_Stream
                0x00000000       0x9e LUFA/Drivers/USB/Core/XMEGA/EndpointStream_XMEGA.o
 .text.Endpoint_Null_Stream
                0x00000000       0x92 LUFA/Drivers/USB/Core/XMEGA/EndpointStream_XMEGA.o
 .text.Endpoint_Write_Stream_LE
                0x00000000       0xaa LUFA/Drivers/USB/Core/XMEGA/EndpointStream_XMEGA.o
 .text.Endpoint_Write_Stream_BE
                0x00000000       0xb4 LUFA/Drivers/USB/Core/XMEGA/EndpointStream_XMEGA.o
 .text.Endpoint_Read_Stream_LE
                0x00000000       0xaa LUFA/Drivers/USB/Core/XMEGA/EndpointStream_XMEGA.o
 .text.Endpoint_Read_Stream_BE
                0x00000000       0xb4 LUFA/Drivers/USB/Core/XMEGA/EndpointStream_XMEGA.o
 .text.Endpoint_Write_PStream_LE
                0x00000000       0xb8 LUFA/Drivers/USB/Core/XMEGA/EndpointStream_XMEGA.o
 .text.Endpoint_Write_PStream_BE
                0x00000000       0xc0 LUFA/Drivers/USB/Core/XMEGA/EndpointStream_XMEGA.o
 .text.Endpoint_Write_EStream_LE
                0x00000000       0xae LUFA/Drivers/USB/Core/XMEGA/EndpointStream_XMEGA.o
 .text.Endpoint_Write_EStream_BE
                0x00000000       0xb6 LUFA/Drivers/USB/Core/XMEGA/EndpointStream_XMEGA.o
 .text.Endpoint_Read_EStream_LE
                0x00000000       0xb0 LUFA/Drivers/USB/Core/XMEGA/EndpointStream_XMEGA.o
 .text.Endpoint_Read_EStream_BE
                0x00000000       0xb8 LUFA/Drivers/USB/Core/XMEGA/EndpointStream_XMEGA.o
 .text.Endpoint_Write_Control_Stream_LE
                0x00000000      0x120 LUFA/Drivers/USB/Core/XMEGA/EndpointStream_XMEGA.o
 .text.Endpoint_Write_Control_Stream_BE
                0x00000000      0x128 LUFA/Drivers/USB/Core/XMEGA/EndpointStream_XMEGA.o
 .text.Endpoint_Read_Control_Stream_LE
                0x00000000       0xea LUFA/Drivers/USB/Core/XMEGA/EndpointStream_XMEGA.o
 .text.Endpoint_Read_Control_Stream_BE
                0x00000000       0xe6 LUFA/Drivers/USB/Core/XMEGA/EndpointStream_XMEGA.o
 .text.Endpoint_Write_Control_PStream_LE
                0x00000000      0x126 LUFA/Drivers/USB/Core/XMEGA/EndpointStream_XMEGA.o
 .text.Endpoint_Write_Control_PStream_BE
                0x00000000      0x128 LUFA/Drivers/USB/Core/XMEGA/EndpointStream_XMEGA.o
 .text.Endpoint_Write_Control_EStream_LE
                0x00000000      0x128 LUFA/Drivers/USB/Core/XMEGA/EndpointStream_XMEGA.o
 .text.Endpoint_Write_Control_EStream_BE
                0x00000000      0x12a LUFA/Drivers/USB/Core/XMEGA/EndpointStream_XMEGA.o
 .text.Endpoint_Read_Control_EStream_LE
                0x00000000       0xf2 LUFA/Drivers/USB/Core/XMEGA/EndpointStream_XMEGA.o
 .text.Endpoint_Read_Control_EStream_BE
                0x00000000       0xea LUFA/Drivers/USB/Core/XMEGA/EndpointStream_XMEGA.o
 .debug_info    0x00000000     0x1776 LUFA/Drivers/USB/Core/XMEGA/EndpointStream_XMEGA.o
 .debug_abbrev  0x00000000      0x212 LUFA/Drivers/USB/Core/XMEGA/EndpointStream_XMEGA.o
 .debug_loc     0x00000000     0x24f5 LUFA/Drivers/USB/Core/XMEGA/EndpointStream_XMEGA.o
 .debug_aranges
                0x00000000       0xc8 LUFA/Drivers/USB/Core/XMEGA/EndpointStream_XMEGA.o
 .debug_ranges  0x00000000      0x348 LUFA/Drivers/USB/Core/XMEGA/EndpointStream_XMEGA.o
 .debug_line    0x00000000     0x130c LUFA/Drivers/USB/Core/XMEGA/EndpointStream_XMEGA.o
 .debug_str     0x00000000      0x9ac LUFA/Drivers/USB/Core/XMEGA/EndpointStream_XMEGA.o
 .comment       0x00000000       0x31 LUFA/Drivers/USB/Core/XMEGA/EndpointStream_XMEGA.o
 .debug_frame   0x00000000      0x488 LUFA/Drivers/USB/Core/XMEGA/EndpointStream_XMEGA.o
 .text          0x00000000        0x0 LUFA/Drivers/USB/Core/XMEGA/Endpoint_XMEGA.o
 .data          0x00000000        0x0 LUFA/Drivers/USB/Core/XMEGA/Endpoint_XMEGA.o
 .bss           0x00000000        0x0 LUFA/Drivers/USB/Core/XMEGA/Endpoint_XMEGA.o
 .text.Endpoint_ClearIN
                0x00000000       0x32 LUFA/Drivers/USB/Core/XMEGA/Endpoint_XMEGA.o
 .text.Endpoint_ClearOUT
                0x00000000       0x1e LUFA/Drivers/USB/Core/XMEGA/Endpoint_XMEGA.o
 .text.Endpoint_Read_8
                0x00000000       0x20 LUFA/Drivers/USB/Core/XMEGA/Endpoint_XMEGA.o
 .text.Endpoint_Write_8
                0x00000000       0x20 LUFA/Drivers/USB/Core/XMEGA/Endpoint_XMEGA.o
 .text.Endpoint_IsINReady
                0x00000000       0x1a LUFA/Drivers/USB/Core/XMEGA/Endpoint_XMEGA.o
 .text.Endpoint_IsOUTReceived
                0x00000000       0x34 LUFA/Drivers/USB/Core/XMEGA/Endpoint_XMEGA.o
 .text.Endpoint_IsSETUPReceived
                0x00000000       0x34 LUFA/Drivers/USB/Core/XMEGA/Endpoint_XMEGA.o
 .text.Endpoint_ClearSETUP
                0x00000000       0x5c LUFA/Drivers/USB/Core/XMEGA/Endpoint_XMEGA.o
 .text.Endpoint_StallTransaction
                0x00000000       0x38 LUFA/Drivers/USB/Core/XMEGA/Endpoint_XMEGA.o
 .text.Endpoint_ConfigureEndpointTable
                0x00000000       0xca LUFA/Drivers/USB/Core/XMEGA/Endpoint_XMEGA.o
 .text.Endpoint_ClearStatusStage
                0x00000000       0x36 LUFA/Drivers/USB/Core/XMEGA/Endpoint_XMEGA.o
 .text.Endpoint_WaitUntilReady
                0x00000000       0xa2 LUFA/Drivers/USB/Core/XMEGA/Endpoint_XMEGA.o
 .text          0x00000000        0x0 LUFA/Drivers/USB/Core/XMEGA/Host_XMEGA.o
 .data          0x00000000        0x0 LUFA/Drivers/USB/Core/XMEGA/Host_XMEGA.o
 .bss           0x00000000        0x0 LUFA/Drivers/USB/Core/XMEGA/Host_XMEGA.o
 .debug_info    0x00000000       0x5d LUFA/Drivers/USB/Core/XMEGA/Host_XMEGA.o
 .debug_abbrev  0x00000000       0x26 LUFA/Drivers/USB/Core/XMEGA/Host_XMEGA.o
 .debug_aranges
                0x00000000       0x18 LUFA/Drivers/USB/Core/XMEGA/Host_XMEGA.o
 .debug_line    0x00000000       0x1a LUFA/Drivers/USB/Core/XMEGA/Host_XMEGA.o
 .debug_str     0x00000000      0x1b4 LUFA/Drivers/USB/Core/XMEGA/Host_XMEGA.o
 .comment       0x00000000       0x31 LUFA/Drivers/USB/Core/XMEGA/Host_XMEGA.o
 .text          0x00000000        0x0 LUFA/Drivers/USB/Core/XMEGA/PipeStream_XMEGA.o
 .data          0x00000000        0x0 LUFA/Drivers/USB/Core/XMEGA/PipeStream_XMEGA.o
 .bss           0x00000000        0x0 LUFA/Drivers/USB/Core/XMEGA/PipeStream_XMEGA.o
 .debug_info    0x00000000       0x5d LUFA/Drivers/USB/Core/XMEGA/PipeStream_XMEGA.o
 .debug_abbrev  0x00000000       0x26 LUFA/Drivers/USB/Core/XMEGA/PipeStream_XMEGA.o
 .debug_aranges
                0x00000000       0x18 LUFA/Drivers/USB/Core/XMEGA/PipeStream_XMEGA.o
 .debug_line    0x00000000       0x1a LUFA/Drivers/USB/Core/XMEGA/PipeStream_XMEGA.o
 .debug_str     0x00000000      0x1ba LUFA/Drivers/USB/Core/XMEGA/PipeStream_XMEGA.o
 .comment       0x00000000       0x31 LUFA/Drivers/USB/Core/XMEGA/PipeStream_XMEGA.o
 .text          0x00000000        0x0 LUFA/Drivers/USB/Core/XMEGA/Pipe_XMEGA.o
 .data          0x00000000        0x0 LUFA/Drivers/USB/Core/XMEGA/Pipe_XMEGA.o
 .bss           0x00000000        0x0 LUFA/Drivers/USB/Core/XMEGA/Pipe_XMEGA.o
 .debug_info    0x00000000       0x5d LUFA/Drivers/USB/Core/XMEGA/Pipe_XMEGA.o
 .debug_abbrev  0x00000000       0x26 LUFA/Drivers/USB/Core/XMEGA/Pipe_XMEGA.o
 .debug_aranges
                0x00000000       0x18 LUFA/Drivers/USB/Core/XMEGA/Pipe_XMEGA.o
 .debug_line    0x00000000       0x1a LUFA/Drivers/USB/Core/XMEGA/Pipe_XMEGA.o
 .debug_str     0x00000000      0x1b4 LUFA/Drivers/USB/Core/XMEGA/Pipe_XMEGA.o
 .comment       0x00000000       0x31 LUFA/Drivers/USB/Core/XMEGA/Pipe_XMEGA.o
 .text          0x00000000        0x0 LUFA/Drivers/USB/Core/XMEGA/Template/Template_Endpoint_Control_R.o
 .data          0x00000000        0x0 LUFA/Drivers/USB/Core/XMEGA/Template/Template_Endpoint_Control_R.o
 .bss           0x00000000        0x0 LUFA/Drivers/USB/Core/XMEGA/Template/Template_Endpoint_Control_R.o
 .debug_line    0x00000000        0x0 LUFA/Drivers/USB/Core/XMEGA/Template/Template_Endpoint_Control_R.o
 .debug_str     0x00000000      0x15e LUFA/Drivers/USB/Core/XMEGA/Template/Template_Endpoint_Control_R.o
 .comment       0x00000000       0x31 LUFA/Drivers/USB/Core/XMEGA/Template/Template_Endpoint_Control_R.o
 .text          0x00000000        0x0 LUFA/Drivers/USB/Core/XMEGA/Template/Template_Endpoint_Control_W.o
 .data          0x00000000        0x0 LUFA/Drivers/USB/Core/XMEGA/Template/Template_Endpoint_Control_W.o
 .bss           0x00000000        0x0 LUFA/Drivers/USB/Core/XMEGA/Template/Template_Endpoint_Control_W.o
 .debug_line    0x00000000        0x0 LUFA/Drivers/USB/Core/XMEGA/Template/Template_Endpoint_Control_W.o
 .debug_str     0x00000000      0x15e LUFA/Drivers/USB/Core/XMEGA/Template/Template_Endpoint_Control_W.o
 .comment       0x00000000       0x31 LUFA/Drivers/USB/Core/XMEGA/Template/Template_Endpoint_Control_W.o
 .text          0x00000000        0x0 LUFA/Drivers/USB/Core/XMEGA/Template/Template_Endpoint_RW.o
 .data          0x00000000        0x0 LUFA/Drivers/USB/Core/XMEGA/Template/Template_Endpoint_RW.o
 .bss           0x00000000        0x0 LUFA/Drivers/USB/Core/XMEGA/Template/Template_Endpoint_RW.o
 .debug_line    0x00000000        0x0 LUFA/Drivers/USB/Core/XMEGA/Template/Template_Endpoint_RW.o
 .debug_str     0x00000000      0x157 LUFA/Drivers/USB/Core/XMEGA/Template/Template_Endpoint_RW.o
 .comment       0x00000000       0x31 LUFA/Drivers/USB/Core/XMEGA/Template/Template_Endpoint_RW.o
 .text          0x00000000        0x0 LUFA/Drivers/USB/Core/XMEGA/USBController_XMEGA.o
 .data          0x00000000        0x0 LUFA/Drivers/USB/Core/XMEGA/USBController_XMEGA.o
 .bss           0x00000000        0x0 LUFA/Drivers/USB/Core/XMEGA/USBController_XMEGA.o
 .text.USB_Disable
                0x00000000       0x1e LUFA/Drivers/USB/Core/XMEGA/USBController_XMEGA.o
 .text          0x00000000        0x0 LUFA/Drivers/USB/Core/XMEGA/USBInterrupt_XMEGA.o
 .data          0x00000000        0x0 LUFA/Drivers/USB/Core/XMEGA/USBInterrupt_XMEGA.o
 .bss           0x00000000        0x0 LUFA/Drivers/USB/Core/XMEGA/USBInterrupt_XMEGA.o
 .text          0x00000000        0x0 mcp25xx.o
 .data          0x00000000        0x0 mcp25xx.o
 .bss           0x00000000        0x0 mcp25xx.o
 .text.all_reset
                0x00000000        0xe mcp25xx.o
 .text          0x00000000        0x0 can-bridge-ccs.o
 .data          0x00000000        0x0 can-bridge-ccs.o
 .bss           0x00000000        0x0 can-bridge-ccs.o
 .text.send_can3
                0x00000000       0x74 can-bridge-ccs.o
 .text.send_can
                0x00000000       0xa6 can-bridge-ccs.o
 .data.can_EV   0x00000000        0x1 can-bridge-ccs.o
 .data.can_QC   0x00000000        0x1 can-bridge-ccs.o
 .data.can_LIM  0x00000000        0x1 can-bridge-ccs.o
 .data.VirtualSerial_CDC_Interface
                0x00000000       0x1b can-bridge-ccs.o
 .text          0x00000000      0x16a sp_driver.o
 .data          0x00000000        0x0 sp_driver.o
 .bss           0x00000000        0x0 sp_driver.o
 .debug_line    0x00000000      0x3b7 sp_driver.o
 .debug_info    0x00000000       0x81 sp_driver.o
 .debug_abbrev  0x00000000       0x14 sp_driver.o
 .debug_aranges
                0x00000000       0x20 sp_driver.o
 .text          0x00000000        0x0 c:/program files (x86)/atmel/studio/7.0/toolchain/avr8/avr8-gnu-toolchain/bin/../lib/gcc/avr/5.4.0/avrxmega2\libgcc.a(_udivmodhi4.o)
 .data          0x00000000        0x0 c:/program files (x86)/atmel/studio/7.0/toolchain/avr8/avr8-gnu-toolchain/bin/../lib/gcc/avr/5.4.0/avrxmega2\libgcc.a(_udivmodhi4.o)
 .bss           0x00000000        0x0 c:/program files (x86)/atmel/studio/7.0/toolchain/avr8/avr8-gnu-toolchain/bin/../lib/gcc/avr/5.4.0/avrxmega2\libgcc.a(_udivmodhi4.o)
 .text.libgcc.mul
                0x00000000        0x0 c:/program files (x86)/atmel/studio/7.0/toolchain/avr8/avr8-gnu-toolchain/bin/../lib/gcc/avr/5.4.0/avrxmega2\libgcc.a(_udivmodhi4.o)
 .text.libgcc.div
                0x00000000       0x28 c:/program files (x86)/atmel/studio/7.0/toolchain/avr8/avr8-gnu-toolchain/bin/../lib/gcc/avr/5.4.0/avrxmega2\libgcc.a(_udivmodhi4.o)
 .text.libgcc   0x00000000        0x0 c:/program files (x86)/atmel/studio/7.0/toolchain/avr8/avr8-gnu-toolchain/bin/../lib/gcc/avr/5.4.0/avrxmega2\libgcc.a(_udivmodhi4.o)
 .text.libgcc.prologue
                0x00000000        0x0 c:/program files (x86)/atmel/studio/7.0/toolchain/avr8/avr8-gnu-toolchain/bin/../lib/gcc/avr/5.4.0/avrxmega2\libgcc.a(_udivmodhi4.o)
 .text.libgcc.builtins
                0x00000000        0x0 c:/program files (x86)/atmel/studio/7.0/toolchain/avr8/avr8-gnu-toolchain/bin/../lib/gcc/avr/5.4.0/avrxmega2\libgcc.a(_udivmodhi4.o)
 .text.libgcc.fmul
                0x00000000        0x0 c:/program files (x86)/atmel/studio/7.0/toolchain/avr8/avr8-gnu-toolchain/bin/../lib/gcc/avr/5.4.0/avrxmega2\libgcc.a(_udivmodhi4.o)
 .text.libgcc.fixed
                0x00000000        0x0 c:/program files (x86)/atmel/studio/7.0/toolchain/avr8/avr8-gnu-toolchain/bin/../lib/gcc/avr/5.4.0/avrxmega2\libgcc.a(_udivmodhi4.o)
 .text          0x00000000        0x0 c:/program files (x86)/atmel/studio/7.0/toolchain/avr8/avr8-gnu-toolchain/bin/../lib/gcc/avr/5.4.0/avrxmega2\libgcc.a(_exit.o)
 .data          0x00000000        0x0 c:/program files (x86)/atmel/studio/7.0/toolchain/avr8/avr8-gnu-toolchain/bin/../lib/gcc/avr/5.4.0/avrxmega2\libgcc.a(_exit.o)
 .bss           0x00000000        0x0 c:/program files (x86)/atmel/studio/7.0/toolchain/avr8/avr8-gnu-toolchain/bin/../lib/gcc/avr/5.4.0/avrxmega2\libgcc.a(_exit.o)
 .text.libgcc.mul
                0x00000000        0x0 c:/program files (x86)/atmel/studio/7.0/toolchain/avr8/avr8-gnu-toolchain/bin/../lib/gcc/avr/5.4.0/avrxmega2\libgcc.a(_exit.o)
 .text.libgcc.div
                0x00000000        0x0 c:/program files (x86)/atmel/studio/7.0/toolchain/avr8/avr8-gnu-toolchain/bin/../lib/gcc/avr/5.4.0/avrxmega2\libgcc.a(_exit.o)
 .text.libgcc   0x00000000        0x0 c:/program files (x86)/atmel/studio/7.0/toolchain/avr8/avr8-gnu-toolchain/bin/../lib/gcc/avr/5.4.0/avrxmega2\libgcc.a(_exit.o)
 .text.libgcc.prologue
                0x00000000        0x0 c:/program files (x86)/atmel/studio/7.0/toolchain/avr8/avr8-gnu-toolchain/bin/../lib/gcc/avr/5.4.0/avrxmega2\libgcc.a(_exit.o)
 .text.libgcc.builtins
                0x00000000        0x0 c:/program files (x86)/atmel/studio/7.0/toolchain/avr8/avr8-gnu-toolchain/bin/../lib/gcc/avr/5.4.0/avrxmega2\libgcc.a(_exit.o)
 .text.libgcc.fmul
                0x00000000        0x0 c:/program files (x86)/atmel/studio/7.0/toolchain/avr8/avr8-gnu-toolchain/bin/../lib/gcc/avr/5.4.0/avrxmega2\libgcc.a(_exit.o)
 .text.libgcc.fixed
                0x00000000        0x0 c:/program files (x86)/atmel/studio/7.0/toolchain/avr8/avr8-gnu-toolchain/bin/../lib/gcc/avr/5.4.0/avrxmega2\libgcc.a(_exit.o)
 .text          0x00000000        0x0 c:/program files (x86)/atmel/studio/7.0/toolchain/avr8/avr8-gnu-toolchain/bin/../lib/gcc/avr/5.4.0/avrxmega2\libgcc.a(_tablejump2.o)
 .data          0x00000000        0x0 c:/program files (x86)/atmel/studio/7.0/toolchain/avr8/avr8-gnu-toolchain/bin/../lib/gcc/avr/5.4.0/avrxmega2\libgcc.a(_tablejump2.o)
 .bss           0x00000000        0x0 c:/program files (x86)/atmel/studio/7.0/toolchain/avr8/avr8-gnu-toolchain/bin/../lib/gcc/avr/5.4.0/avrxmega2\libgcc.a(_tablejump2.o)
 .text.libgcc.mul
                0x00000000        0x0 c:/program files (x86)/atmel/studio/7.0/toolchain/avr8/avr8-gnu-toolchain/bin/../lib/gcc/avr/5.4.0/avrxmega2\libgcc.a(_tablejump2.o)
 .text.libgcc.div
                0x00000000        0x0 c:/program files (x86)/atmel/studio/7.0/toolchain/avr8/avr8-gnu-toolchain/bin/../lib/gcc/avr/5.4.0/avrxmega2\libgcc.a(_tablejump2.o)
 .text.libgcc   0x00000000        0xc c:/program files (x86)/atmel/studio/7.0/toolchain/avr8/avr8-gnu-toolchain/bin/../lib/gcc/avr/5.4.0/avrxmega2\libgcc.a(_tablejump2.o)
 .text.libgcc.prologue
                0x00000000        0x0 c:/program files (x86)/atmel/studio/7.0/toolchain/avr8/avr8-gnu-toolchain/bin/../lib/gcc/avr/5.4.0/avrxmega2\libgcc.a(_tablejump2.o)
 .text.libgcc.builtins
                0x00000000        0x0 c:/program files (x86)/atmel/studio/7.0/toolchain/avr8/avr8-gnu-toolchain/bin/../lib/gcc/avr/5.4.0/avrxmega2\libgcc.a(_tablejump2.o)
 .text.libgcc.fmul
                0x00000000        0x0 c:/program files (x86)/atmel/studio/7.0/toolchain/avr8/avr8-gnu-toolchain/bin/../lib/gcc/avr/5.4.0/avrxmega2\libgcc.a(_tablejump2.o)
 .text.libgcc.fixed
                0x00000000        0x0 c:/program files (x86)/atmel/studio/7.0/toolchain/avr8/avr8-gnu-toolchain/bin/../lib/gcc/avr/5.4.0/avrxmega2\libgcc.a(_tablejump2.o)
 .text          0x00000000        0x0 c:/program files (x86)/atmel/studio/7.0/toolchain/avr8/avr8-gnu-toolchain/bin/../lib/gcc/avr/5.4.0/avrxmega2\libgcc.a(_copy_data.o)
 .data          0x00000000        0x0 c:/program files (x86)/atmel/studio/7.0/toolchain/avr8/avr8-gnu-toolchain/bin/../lib/gcc/avr/5.4.0/avrxmega2\libgcc.a(_copy_data.o)
 .bss           0x00000000        0x0 c:/program files (x86)/atmel/studio/7.0/toolchain/avr8/avr8-gnu-toolchain/bin/../lib/gcc/avr/5.4.0/avrxmega2\libgcc.a(_copy_data.o)
 .text.libgcc.mul
                0x00000000        0x0 c:/program files (x86)/atmel/studio/7.0/toolchain/avr8/avr8-gnu-toolchain/bin/../lib/gcc/avr/5.4.0/avrxmega2\libgcc.a(_copy_data.o)
 .text.libgcc.div
                0x00000000        0x0 c:/program files (x86)/atmel/studio/7.0/toolchain/avr8/avr8-gnu-toolchain/bin/../lib/gcc/avr/5.4.0/avrxmega2\libgcc.a(_copy_data.o)
 .text.libgcc   0x00000000        0x0 c:/program files (x86)/atmel/studio/7.0/toolchain/avr8/avr8-gnu-toolchain/bin/../lib/gcc/avr/5.4.0/avrxmega2\libgcc.a(_copy_data.o)
 .text.libgcc.prologue
                0x00000000        0x0 c:/program files (x86)/atmel/studio/7.0/toolchain/avr8/avr8-gnu-toolchain/bin/../lib/gcc/avr/5.4.0/avrxmega2\libgcc.a(_copy_data.o)
 .text.libgcc.builtins
                0x00000000        0x0 c:/program files (x86)/atmel/studio/7.0/toolchain/avr8/avr8-gnu-toolchain/bin/../lib/gcc/avr/5.4.0/avrxmega2\libgcc.a(_copy_data.o)
 .text.libgcc.fmul
                0x00000000        0x0 c:/program files (x86)/atmel/studio/7.0/toolchain/avr8/avr8-gnu-toolchain/bin/../lib/gcc/avr/5.4.0/avrxmega2\libgcc.a(_copy_data.o)
 .text.libgcc.fixed
                0x00000000        0x0 c:/program files (x86)/atmel/studio/7.0/toolchain/avr8/avr8-gnu-toolchain/bin/../lib/gcc/avr/5.4.0/avrxmega2\libgcc.a(_copy_data.o)
 .text          0x00000000        0x0 c:/program files (x86)/atmel/studio/7.0/toolchain/avr8/avr8-gnu-toolchain/bin/../lib/gcc/avr/5.4.0/avrxmega2\libgcc.a(_clear_bss.o)
 .data          0x00000000        0x0 c:/program files (x86)/atmel/studio/7.0/toolchain/avr8/avr8-gnu-toolchain/bin/../lib/gcc/avr/5.4.0/avrxmega2\libgcc.a(_clear_bss.o)
 .bss           0x00000000        0x0 c:/program files (x86)/atmel/studio/7.0/toolchain/avr8/avr8-gnu-toolchain/bin/../lib/gcc/avr/5.4.0/avrxmega2\libgcc.a(_clear_bss.o)
 .text.libgcc.mul
                0x00000000        0x0 c:/program files (x86)/atmel/studio/7.0/toolchain/avr8/avr8-gnu-toolchain/bin/../lib/gcc/avr/5.4.0/avrxmega2\libgcc.a(_clear_bss.o)
 .text.libgcc.div
                0x00000000        0x0 c:/program files (x86)/atmel/studio/7.0/toolchain/avr8/avr8-gnu-toolchain/bin/../lib/gcc/avr/5.4.0/avrxmega2\libgcc.a(_clear_bss.o)
 .text.libgcc   0x00000000        0x0 c:/program files (x86)/atmel/studio/7.0/toolchain/avr8/avr8-gnu-toolchain/bin/../lib/gcc/avr/5.4.0/avrxmega2\libgcc.a(_clear_bss.o)
 .text.libgcc.prologue
                0x00000000        0x0 c:/program files (x86)/atmel/studio/7.0/toolchain/avr8/avr8-gnu-toolchain/bin/../lib/gcc/avr/5.4.0/avrxmega2\libgcc.a(_clear_bss.o)
 .text.libgcc.builtins
                0x00000000        0x0 c:/program files (x86)/atmel/studio/7.0/toolchain/avr8/avr8-gnu-toolchain/bin/../lib/gcc/avr/5.4.0/avrxmega2\libgcc.a(_clear_bss.o)
 .text.libgcc.fmul
                0x00000000        0x0 c:/program files (x86)/atmel/studio/7.0/toolchain/avr8/avr8-gnu-toolchain/bin/../lib/gcc/avr/5.4.0/avrxmega2\libgcc.a(_clear_bss.o)
 .text.libgcc.fixed
                0x00000000        0x0 c:/program files (x86)/atmel/studio/7.0/toolchain/avr8/avr8-gnu-toolchain/bin/../lib/gcc/avr/5.4.0/avrxmega2\libgcc.a(_clear_bss.o)
 .text          0x00000000        0x0 c:/program files (x86)/atmel/studio/7.0/toolchain/avr8/avr8-gnu-toolchain/bin/../lib/gcc/avr/5.4.0/avrxmega2\libgcc.a(_umulhisi3.o)
 .data          0x00000000        0x0 c:/program files (x86)/atmel/studio/7.0/toolchain/avr8/avr8-gnu-toolchain/bin/../lib/gcc/avr/5.4.0/avrxmega2\libgcc.a(_umulhisi3.o)
 .bss           0x00000000        0x0 c:/program files (x86)/atmel/studio/7.0/toolchain/avr8/avr8-gnu-toolchain/bin/../lib/gcc/avr/5.4.0/avrxmega2\libgcc.a(_umulhisi3.o)
 .text.libgcc.mul
                0x00000000       0x1e c:/program files (x86)/atmel/studio/7.0/toolchain/avr8/avr8-gnu-toolchain/bin/../lib/gcc/avr/5.4.0/avrxmega2\libgcc.a(_umulhisi3.o)
 .text.libgcc.div
                0x00000000        0x0 c:/program files (x86)/atmel/studio/7.0/toolchain/avr8/avr8-gnu-toolchain/bin/../lib/gcc/avr/5.4.0/avrxmega2\libgcc.a(_umulhisi3.o)
 .text.libgcc   0x00000000        0x0 c:/program files (x86)/atmel/studio/7.0/toolchain/avr8/avr8-gnu-toolchain/bin/../lib/gcc/avr/5.4.0/avrxmega2\libgcc.a(_umulhisi3.o)
 .text.libgcc.prologue
                0x00000000        0x0 c:/program files (x86)/atmel/studio/7.0/toolchain/avr8/avr8-gnu-toolchain/bin/../lib/gcc/avr/5.4.0/avrxmega2\libgcc.a(_umulhisi3.o)
 .text.libgcc.builtins
                0x00000000        0x0 c:/program files (x86)/atmel/studio/7.0/toolchain/avr8/avr8-gnu-toolchain/bin/../lib/gcc/avr/5.4.0/avrxmega2\libgcc.a(_umulhisi3.o)
 .text.libgcc.fmul
                0x00000000        0x0 c:/program files (x86)/atmel/studio/7.0/toolchain/avr8/avr8-gnu-toolchain/bin/../lib/gcc/avr/5.4.0/avrxmega2\libgcc.a(_umulhisi3.o)
 .text.libgcc.fixed
                0x00000000        0x0 c:/program files (x86)/atmel/studio/7.0/toolchain/avr8/avr8-gnu-toolchain/bin/../lib/gcc/avr/5.4.0/avrxmega2\libgcc.a(_umulhisi3.o)
 .text          0x00000000        0x0 C:/Program Files (x86)/Atmel/Studio/7.0/Packs/atmel/XMEGAC_DFP/1.1.50/gcc/dev/atxmega32c4/avrxmega2\libatxmega32c4.a(eerd_byte.o)
 .data          0x00000000        0x0 C:/Program Files (x86)/Atmel/Studio/7.0/Packs/atmel/XMEGAC_DFP/1.1.50/gcc/dev/atxmega32c4/avrxmega2\libatxmega32c4.a(eerd_byte.o)
 .bss           0x00000000        0x0 C:/Program Files (x86)/Atmel/Studio/7.0/Packs/atmel/XMEGAC_DFP/1.1.50/gcc/dev/atxmega32c4/avrxmega2\libatxmega32c4.a(eerd_byte.o)
 .text.avr-libc
                0x00000000       0x20 C:/Program Files (x86)/Atmel/Studio/7.0/Packs/atmel/XMEGAC_DFP/1.1.50/gcc/dev/atxmega32c4/avrxmega2\libatxmega32c4.a(eerd_byte.o)
 .debug_line    0x00000000       0xa9 C:/Program Files (x86)/Atmel/Studio/7.0/Packs/atmel/XMEGAC_DFP/1.1.50/gcc/dev/atxmega32c4/avrxmega2\libatxmega32c4.a(eerd_byte.o)
 .debug_info    0x00000000       0xb2 C:/Program Files (x86)/Atmel/Studio/7.0/Packs/atmel/XMEGAC_DFP/1.1.50/gcc/dev/atxmega32c4/avrxmega2\libatxmega32c4.a(eerd_byte.o)
 .debug_abbrev  0x00000000       0x14 C:/Program Files (x86)/Atmel/Studio/7.0/Packs/atmel/XMEGAC_DFP/1.1.50/gcc/dev/atxmega32c4/avrxmega2\libatxmega32c4.a(eerd_byte.o)
 .debug_aranges
                0x00000000       0x20 C:/Program Files (x86)/Atmel/Studio/7.0/Packs/atmel/XMEGAC_DFP/1.1.50/gcc/dev/atxmega32c4/avrxmega2\libatxmega32c4.a(eerd_byte.o)
 .text          0x00000000        0x0 C:/Program Files (x86)/Atmel/Studio/7.0/Packs/atmel/XMEGAC_DFP/1.1.50/gcc/dev/atxmega32c4/avrxmega2\libatxmega32c4.a(eeupd_byte.o)
 .data          0x00000000        0x0 C:/Program Files (x86)/Atmel/Studio/7.0/Packs/atmel/XMEGAC_DFP/1.1.50/gcc/dev/atxmega32c4/avrxmega2\libatxmega32c4.a(eeupd_byte.o)
 .bss           0x00000000        0x0 C:/Program Files (x86)/Atmel/Studio/7.0/Packs/atmel/XMEGAC_DFP/1.1.50/gcc/dev/atxmega32c4/avrxmega2\libatxmega32c4.a(eeupd_byte.o)
 .text.avr-libc
                0x00000000       0x16 C:/Program Files (x86)/Atmel/Studio/7.0/Packs/atmel/XMEGAC_DFP/1.1.50/gcc/dev/atxmega32c4/avrxmega2\libatxmega32c4.a(eeupd_byte.o)
 .debug_line    0x00000000       0x80 C:/Program Files (x86)/Atmel/Studio/7.0/Packs/atmel/XMEGAC_DFP/1.1.50/gcc/dev/atxmega32c4/avrxmega2\libatxmega32c4.a(eeupd_byte.o)
 .debug_info    0x00000000       0xb3 C:/Program Files (x86)/Atmel/Studio/7.0/Packs/atmel/XMEGAC_DFP/1.1.50/gcc/dev/atxmega32c4/avrxmega2\libatxmega32c4.a(eeupd_byte.o)
 .debug_abbrev  0x00000000       0x14 C:/Program Files (x86)/Atmel/Studio/7.0/Packs/atmel/XMEGAC_DFP/1.1.50/gcc/dev/atxmega32c4/avrxmega2\libatxmega32c4.a(eeupd_byte.o)
 .debug_aranges
                0x00000000       0x20 C:/Program Files (x86)/Atmel/Studio/7.0/Packs/atmel/XMEGAC_DFP/1.1.50/gcc/dev/atxmega32c4/avrxmega2\libatxmega32c4.a(eeupd_byte.o)
 .text          0x00000000        0x0 C:/Program Files (x86)/Atmel/Studio/7.0/Packs/atmel/XMEGAC_DFP/1.1.50/gcc/dev/atxmega32c4/avrxmega2\libatxmega32c4.a(eewr_byte.o)
 .data          0x00000000        0x0 C:/Program Files (x86)/Atmel/Studio/7.0/Packs/atmel/XMEGAC_DFP/1.1.50/gcc/dev/atxmega32c4/avrxmega2\libatxmega32c4.a(eewr_byte.o)
 .bss           0x00000000        0x0 C:/Program Files (x86)/Atmel/Studio/7.0/Packs/atmel/XMEGAC_DFP/1.1.50/gcc/dev/atxmega32c4/avrxmega2\libatxmega32c4.a(eewr_byte.o)
 .text.avr-libc
                0x00000000       0x46 C:/Program Files (x86)/Atmel/Studio/7.0/Packs/atmel/XMEGAC_DFP/1.1.50/gcc/dev/atxmega32c4/avrxmega2\libatxmega32c4.a(eewr_byte.o)
 .debug_line    0x00000000      0x11b C:/Program Files (x86)/Atmel/Studio/7.0/Packs/atmel/XMEGAC_DFP/1.1.50/gcc/dev/atxmega32c4/avrxmega2\libatxmega32c4.a(eewr_byte.o)
 .debug_info    0x00000000       0xb2 C:/Program Files (x86)/Atmel/Studio/7.0/Packs/atmel/XMEGAC_DFP/1.1.50/gcc/dev/atxmega32c4/avrxmega2\libatxmega32c4.a(eewr_byte.o)
 .debug_abbrev  0x00000000       0x14 C:/Program Files (x86)/Atmel/Studio/7.0/Packs/atmel/XMEGAC_DFP/1.1.50/gcc/dev/atxmega32c4/avrxmega2\libatxmega32c4.a(eewr_byte.o)
 .debug_aranges
                0x00000000       0x20 C:/Program Files (x86)/Atmel/Studio/7.0/Packs/atmel/XMEGAC_DFP/1.1.50/gcc/dev/atxmega32c4/avrxmega2\libatxmega32c4.a(eewr_byte.o)

Memory Configuration

Name             Origin             Length             Attributes
text             0x00000000         0x00100000         xr
data             0x00802000         0x0000ffa0         rw !x
eeprom           0x00810000         0x00010000         rw !x
fuse             0x00820000         0x00000006         rw !x
lock             0x00830000         0x00000400         rw !x
signature        0x00840000         0x00000400         rw !x
user_signatures  0x00850000         0x00000400         rw !x
*default*        0x00000000         0xffffffff

Linker script and memory map

LOAD C:/Program Files (x86)/Atmel/Studio/7.0/Packs/atmel/XMEGAC_DFP/1.1.50/gcc/dev/atxmega32c4/avrxmega2/crtatxmega32c4.o
LOAD Descriptors.o
LOAD helper_functions.o
LOAD LUFA/Drivers/USB/Class/Device/CDCClassDevice.o
LOAD LUFA/Drivers/USB/Core/ConfigDescriptors.o
LOAD LUFA/Drivers/USB/Core/DeviceStandardReq.o
LOAD LUFA/Drivers/USB/Core/Events.o
LOAD LUFA/Drivers/USB/Core/USBTask.o
LOAD LUFA/Drivers/USB/Core/XMEGA/Device_XMEGA.o
LOAD LUFA/Drivers/USB/Core/XMEGA/EndpointStream_XMEGA.o
LOAD LUFA/Drivers/USB/Core/XMEGA/Endpoint_XMEGA.o
LOAD LUFA/Drivers/USB/Core/XMEGA/Host_XMEGA.o
LOAD LUFA/Drivers/USB/Core/XMEGA/PipeStream_XMEGA.o
LOAD LUFA/Drivers/USB/Core/XMEGA/Pipe_XMEGA.o
LOAD LUFA/Drivers/USB/Core/XMEGA/Template/Template_Endpoint_Control_R.o
LOAD LUFA/Drivers/USB/Core/XMEGA/Template/Template_Endpoint_Control_W.o
LOAD LUFA/Drivers/USB/Core/XMEGA/Template/Template_Endpoint_RW.o
LOAD LUFA/Drivers/USB/Core/XMEGA/USBController_XMEGA.o
LOAD LUFA/Drivers/USB/Core/XMEGA/USBInterrupt_XMEGA.o
LOAD mcp25xx.o
LOAD can-bridge-ccs.o
LOAD sp_driver.o
START GROUP
LOAD c:/program files (x86)/atmel/studio/7.0/toolchain/avr8/avr8-gnu-toolchain/bin/../lib/gcc/avr/5.4.0/../../../../avr/lib/avrxmega2\libm.a
END GROUP
START GROUP
LOAD c:/program files (x86)/atmel/studio/7.0/toolchain/avr8/avr8-gnu-toolchain/bin/../lib/gcc/avr/5.4.0/avrxmega2\libgcc.a
LOAD c:/program files (x86)/atmel/studio/7.0/toolchain/avr8/avr8-gnu-toolchain/bin/../lib/gcc/avr/5.4.0/../../../../avr/lib/avrxmega2\libm.a
LOAD c:/program files (x86)/atmel/studio/7.0/toolchain/avr8/avr8-gnu-toolchain/bin/../lib/gcc/avr/5.4.0/../../../../avr/lib/avrxmega2\libc.a
LOAD C:/Program Files (x86)/Atmel/Studio/7.0/Packs/atmel/XMEGAC_DFP/1.1.50/gcc/dev/atxmega32c4/avrxmega2\libatxmega32c4.a
END GROUP
                0x00100000                __TEXT_REGION_LENGTH__ = DEFINED (__TEXT_REGION_LENGTH__)?__TEXT_REGION_LENGTH__:0x100000
                0x0000ffa0                __DATA_REGION_LENGTH__ = DEFINED (__DATA_REGION_LENGTH__)?__DATA_REGION_LENGTH__:0xffa0
                0x00010000                __EEPROM_REGION_LENGTH__ = DEFINED (__EEPROM_REGION_LENGTH__)?__EEPROM_REGION_LENGTH__:0x10000
                [0x00000006]                __FUSE_REGION_LENGTH__ = DEFINED (__FUSE_REGION_LENGTH__)?__FUSE_REGION_LENGTH__:0x400
                0x00000400                __LOCK_REGION_LENGTH__ = DEFINED (__LOCK_REGION_LENGTH__)?__LOCK_REGION_LENGTH__:0x400
                0x00000400                __SIGNATURE_REGION_LENGTH__ = DEFINED (__SIGNATURE_REGION_LENGTH__)?__SIGNATURE_REGION_LENGTH__:0x400
                0x00000400                __USER_SIGNATURE_REGION_LENGTH__ = DEFINED (__USER_SIGNATURE_REGION_LENGTH__)?__USER_SIGNATURE_REGION_LENGTH__:0x400

.hash
 *(.hash)

.dynsym
 *(.dynsym)

.dynstr
 *(.dynstr)

.gnu.version
 *(.gnu.version)

.gnu.version_d
 *(.gnu.version_d)

.gnu.version_r
 *(.gnu.version_r)

.rel.init
 *(.rel.init)

.rela.init
 *(.rela.init)

.rel.text
 *(.rel.text)
 *(.rel.text.*)
 *(.rel.gnu.linkonce.t*)

.rela.text
 *(.rela.text)
 *(.rela.text.*)
 *(.rela.gnu.linkonce.t*)

.rel.fini
 *(.rel.fini)

.rela.fini
 *(.rela.fini)

.rel.rodata
 *(.rel.rodata)
 *(.rel.rodata.*)
 *(.rel.gnu.linkonce.r*)

.rela.rodata
 *(.rela.rodata)
 *(.rela.rodata.*)
 *(.rela.gnu.linkonce.r*)

.rel.data
 *(.rel.data)
 *(.rel.data.*)
 *(.rel.gnu.linkonce.d*)

.rela.data
 *(.rela.data)
 *(.rela.data.*)
 *(.rela.gnu.linkonce.d*)

.rel.ctors
 *(.rel.ctors)

.rela.ctors
 *(.rela.ctors)

.rel.dtors
 *(.rel.dtors)

.rela.dtors
 *(.rela.dtors)

.rel.got
 *(.rel.got)

.rela.got
 *(.rela.got)

.rel.bss
 *(.rel.bss)

.rela.bss
 *(.rela.bss)

.rel.plt
 *(.rel.plt)

.rela.plt
 *(.rela.plt)

.text           0x00000000     0x10b8
 *(.vectors)
 .vectors       0x00000000      0x1fc C:/Program Files (x86)/Atmel/Studio/7.0/Packs/atmel/XMEGAC_DFP/1.1.50/gcc/dev/atxmega32c4/avrxmega2/crtatxmega32c4.o
                0x00000000                __vector_default
                0x00000000                __vectors
 *(.vectors)
 *(.progmem.gcc*)
                0x000001fc                . = ALIGN (0x2)
                0x000001fc                __trampolines_start = .
 *(.trampolines)
 .trampolines   0x000001fc        0x0 linker stubs
 *(.trampolines*)
                0x000001fc                __trampolines_end = .
 *libprintf_flt.a:*(.progmem.data)
 *libc.a:*(.progmem.data)
 *(.progmem*)
                0x000001fc                . = ALIGN (0x2)
 *(.jumptables)
 *(.jumptables*)
 *(.lowtext)
 *(.lowtext*)
                0x000001fc                __ctors_start = .
 *(.ctors)
                0x000001fc                __ctors_end = .
                0x000001fc                __dtors_start = .
 *(.dtors)
                0x000001fc                __dtors_end = .
 SORT(*)(.ctors)
 SORT(*)(.dtors)
 *(.init0)
 .init0         0x000001fc        0x0 C:/Program Files (x86)/Atmel/Studio/7.0/Packs/atmel/XMEGAC_DFP/1.1.50/gcc/dev/atxmega32c4/avrxmega2/crtatxmega32c4.o
                0x000001fc                __init
 *(.init0)
 *(.init1)
 *(.init1)
 *(.init2)
 .init2         0x000001fc        0xc C:/Program Files (x86)/Atmel/Studio/7.0/Packs/atmel/XMEGAC_DFP/1.1.50/gcc/dev/atxmega32c4/avrxmega2/crtatxmega32c4.o
 *(.init2)
 *(.init3)
 *(.init3)
 *(.init4)
 .init4         0x00000208       0x16 c:/program files (x86)/atmel/studio/7.0/toolchain/avr8/avr8-gnu-toolchain/bin/../lib/gcc/avr/5.4.0/avrxmega2\libgcc.a(_copy_data.o)
                0x00000208                __do_copy_data
 .init4         0x0000021e       0x10 c:/program files (x86)/atmel/studio/7.0/toolchain/avr8/avr8-gnu-toolchain/bin/../lib/gcc/avr/5.4.0/avrxmega2\libgcc.a(_clear_bss.o)
                0x0000021e                __do_clear_bss
 *(.init4)
 *(.init5)
 *(.init5)
 *(.init6)
 *(.init6)
 *(.init7)
 *(.init7)
 *(.init8)
 *(.init8)
 *(.init9)
 .init9         0x0000022e        0x4 C:/Program Files (x86)/Atmel/Studio/7.0/Packs/atmel/XMEGAC_DFP/1.1.50/gcc/dev/atxmega32c4/avrxmega2/crtatxmega32c4.o
 *(.init9)
 *(.text)
 .text          0x00000232        0x2 C:/Program Files (x86)/Atmel/Studio/7.0/Packs/atmel/XMEGAC_DFP/1.1.50/gcc/dev/atxmega32c4/avrxmega2/crtatxmega32c4.o
                0x00000232                __vector_38
                0x00000232                __vector_104
                0x00000232                __vector_22
                0x00000232                __vector_63
                0x00000232                __vector_28
                0x00000232                __vector_67
                0x00000232                __vector_1
                0x00000232                __vector_119
                0x00000232                __vector_32
                0x00000232                __vector_75
                0x00000232                __vector_71
                0x00000232                __vector_91
                0x00000232                __vector_34
                0x00000232                __vector_62
                0x00000232                __vector_77
                0x00000232                __vector_102
                0x00000232                __vector_24
                0x00000232                __vector_12
                0x00000232                __vector_55
                0x00000232                __vector_69
                0x00000232                __vector_81
                0x00000232                __vector_90
                0x00000232                __vector_46
                0x00000232                __bad_interrupt
                0x00000232                __vector_122
                0x00000232                __vector_72
                0x00000232                __vector_114
                0x00000232                __vector_6
                0x00000232                __vector_110
                0x00000232                __vector_31
                0x00000232                __vector_92
                0x00000232                __vector_35
                0x00000232                __vector_78
                0x00000232                __vector_74
                0x00000232                __vector_117
                0x00000232                __vector_39
                0x00000232                __vector_107
                0x00000232                __vector_3
                0x00000232                __vector_105
                0x00000232                __vector_98
                0x00000232                __vector_23
                0x00000232                __vector_68
                0x00000232                __vector_30
                0x00000232                __vector_73
                0x00000232                __vector_45
                0x00000232                __vector_25
                0x00000232                __vector_93
                0x00000232                __vector_61
                0x00000232                __vector_11
                0x00000232                __vector_54
                0x00000232                __vector_99
                0x00000232                __vector_13
                0x00000232                __vector_17
                0x00000232                __vector_19
                0x00000232                __vector_56
                0x00000232                __vector_7
                0x00000232                __vector_49
                0x00000232                __vector_123
                0x00000232                __vector_41
                0x00000232                __vector_86
                0x00000232                __vector_100
                0x00000232                __vector_101
                0x00000232                __vector_88
                0x00000232                __vector_109
                0x00000232                __vector_43
                0x00000232                __vector_27
                0x00000232                __vector_5
                0x00000232                __vector_113
                0x00000232                __vector_33
                0x00000232                __vector_76
                0x00000232                __vector_115
                0x00000232                __vector_47
                0x00000232                __vector_52
                0x00000232                __vector_37
                0x00000232                __vector_95
                0x00000232                __vector_103
                0x00000232                __vector_96
                0x00000232                __vector_89
                0x00000232                __vector_108
                0x00000232                __vector_4
                0x00000232                __vector_44
                0x00000232                __vector_82
                0x00000232                __vector_106
                0x00000232                __vector_118
                0x00000232                __vector_51
                0x00000232                __vector_9
                0x00000232                __vector_21
                0x00000232                __vector_15
                0x00000232                __vector_66
                0x00000232                __vector_36
                0x00000232                __vector_79
                0x00000232                __vector_58
                0x00000232                __vector_70
                0x00000232                __vector_83
                0x00000232                __vector_29
                0x00000232                __vector_60
                0x00000232                __vector_121
                0x00000232                __vector_40
                0x00000232                __vector_85
                0x00000232                __vector_94
                0x00000232                __vector_126
                0x00000232                __vector_8
                0x00000232                __vector_26
                0x00000232                __vector_48
                0x00000232                __vector_124
                0x00000232                __vector_116
                0x00000232                __vector_112
                0x00000232                __vector_111
                0x00000232                __vector_80
                0x00000232                __vector_84
                0x00000232                __vector_57
                0x00000232                __vector_53
                0x00000232                __vector_10
                0x00000232                __vector_50
                0x00000232                __vector_16
                0x00000232                __vector_59
                0x00000232                __vector_18
                0x00000232                __vector_97
                0x00000232                __vector_42
                0x00000232                __vector_87
                0x00000232                __vector_120
                0x00000234                . = ALIGN (0x2)
 *(.text.*)
 .text.USB_Event_Stub
                0x00000234        0x2 LUFA/Drivers/USB/Core/Events.o
                0x00000234                EVENT_USB_Device_WakeUp
                0x00000234                USB_Event_Stub
                0x00000234                EVENT_USB_Device_Suspend
                0x00000234                EVENT_USB_Device_StartOfFrame
                0x00000234                EVENT_USB_Device_Reset
                0x00000234                EVENT_USB_Device_ControlRequest
                0x00000234                EVENT_USB_Device_ConfigurationChanged
 .text.Endpoint_SelectEndpoint
                0x00000236       0x80 LUFA/Drivers/USB/Core/XMEGA/Endpoint_XMEGA.o
                0x00000236                Endpoint_SelectEndpoint
 .text.Endpoint_ConfigureEndpoint_PRV
                0x000002b6       0x8a LUFA/Drivers/USB/Core/XMEGA/Endpoint_XMEGA.o
                0x000002b6                Endpoint_ConfigureEndpoint_PRV
 .text.Endpoint_ClearEndpoints
                0x00000340       0x40 LUFA/Drivers/USB/Core/XMEGA/Endpoint_XMEGA.o
                0x00000340                Endpoint_ClearEndpoints
 .text.USB_ResetInterface
                0x00000380       0x92 LUFA/Drivers/USB/Core/XMEGA/USBController_XMEGA.o
                0x00000380                USB_ResetInterface
 .text.USB_Init
                0x00000412       0x7a LUFA/Drivers/USB/Core/XMEGA/USBController_XMEGA.o
                0x00000412                USB_Init
 .text.USB_INT_DisableAllInterrupts
                0x0000048c        0xe LUFA/Drivers/USB/Core/XMEGA/USBInterrupt_XMEGA.o
                0x0000048c                USB_INT_DisableAllInterrupts
 .text.USB_INT_ClearAllInterrupts
                0x0000049a        0xc LUFA/Drivers/USB/Core/XMEGA/USBInterrupt_XMEGA.o
                0x0000049a                USB_INT_ClearAllInterrupts
 .text.__vector_125
                0x000004a6       0xd2 LUFA/Drivers/USB/Core/XMEGA/USBInterrupt_XMEGA.o
                0x000004a6                __vector_125
 .text.spi0_write
                0x00000578       0x16 mcp25xx.o
                0x00000578                spi0_write
 .text.can1_reset
                0x0000058e       0x1c mcp25xx.o
                0x0000058e                can1_reset
 .text.can2_reset
                0x000005aa       0x1c mcp25xx.o
                0x000005aa                can2_reset
 .text.can3_reset
                0x000005c6       0x1c mcp25xx.o
                0x000005c6                can3_reset
 .text.can123_bit_modify
                0x000005e2       0x24 mcp25xx.o
                0x000005e2                can123_bit_modify
 .text.can_bit_modify
                0x00000606       0x42 mcp25xx.o
                0x00000606                can_bit_modify
 .text.can1_bit_modify
                0x00000648       0x1a mcp25xx.o
                0x00000648                can1_bit_modify
 .text.can2_bit_modify
                0x00000662       0x1a mcp25xx.o
                0x00000662                can2_bit_modify
 .text.can3_bit_modify
                0x0000067c       0x1a mcp25xx.o
                0x0000067c                can3_bit_modify
 .text.can123_rts
                0x00000696       0x1e mcp25xx.o
                0x00000696                can123_rts
 .text.can1_rts
                0x000006b4       0x1a mcp25xx.o
                0x000006b4                can1_rts
 .text.can2_rts
                0x000006ce       0x1a mcp25xx.o
                0x000006ce                can2_rts
 .text.can3_rts
                0x000006e8       0x1a mcp25xx.o
                0x000006e8                can3_rts
 .text.can123_load_txbuff
                0x00000702       0x64 mcp25xx.o
                0x00000702                can123_load_txbuff
 .text.can1_load_txbuff
                0x00000766       0x1a mcp25xx.o
                0x00000766                can1_load_txbuff
 .text.can2_load_txbuff
                0x00000780       0x1a mcp25xx.o
                0x00000780                can2_load_txbuff
 .text.can3_load_txbuff
                0x0000079a       0x1a mcp25xx.o
                0x0000079a                can3_load_txbuff
 .text.can123_read_rx_buf
                0x000007b4       0x64 mcp25xx.o
                0x000007b4                can123_read_rx_buf
 .text.can1_read_rx_buf
                0x00000818       0x1a mcp25xx.o
                0x00000818                can1_read_rx_buf
 .text.can2_read_rx_buf
                0x00000832       0x1a mcp25xx.o
                0x00000832                can2_read_rx_buf
 .text.can3_read_rx_buf
                0x0000084c       0x1a mcp25xx.o
                0x0000084c                can3_read_rx_buf
 .text.can_read_rx_buf
                0x00000866       0x1c mcp25xx.o
                0x00000866                can_read_rx_buf
 .text.can1_read
                0x00000882       0x2a mcp25xx.o
                0x00000882                can1_read
 .text.can2_read
                0x000008ac       0x2a mcp25xx.o
                0x000008ac                can2_read
 .text.can3_read
                0x000008d6       0x2a mcp25xx.o
                0x000008d6                can3_read
 .text.can_read
                0x00000900       0x14 mcp25xx.o
                0x00000900                can_read
 .text.can1_write
                0x00000914       0x30 mcp25xx.o
                0x00000914                can1_write
 .text.can2_write
                0x00000944       0x30 mcp25xx.o
                0x00000944                can2_write
 .text.can3_write
                0x00000974       0x30 mcp25xx.o
                0x00000974                can3_write
 .text.can_init
                0x000009a4      0x150 mcp25xx.o
                0x000009a4                can_init
 .text.can_write
                0x00000af4       0x14 mcp25xx.o
                0x00000af4                can_write
 .text.hw_init  0x00000b08      0x178 can-bridge-ccs.o
                0x00000b08                hw_init
 .text.main     0x00000c80        0x4 can-bridge-ccs.o
                0x00000c80                main
 .text.EVENT_USB_Device_Disconnect
                0x00000c84        0x2 can-bridge-ccs.o
                0x00000c84                EVENT_USB_Device_Disconnect
 .text.EVENT_USB_Device_Connect
                0x00000c86        0x2 can-bridge-ccs.o
                0x00000c86                EVENT_USB_Device_Connect
 .text.__vector_14
                0x00000c88       0x58 can-bridge-ccs.o
                0x00000c88                __vector_14
 .text.check_can1
                0x00000ce0       0x4a can-bridge-ccs.o
                0x00000ce0                check_can1
 .text.send_can1
                0x00000d2a       0x72 can-bridge-ccs.o
                0x00000d2a                send_can1
 .text.check_can2
                0x00000d9c       0x4a can-bridge-ccs.o
                0x00000d9c                check_can2
 .text.send_can2
                0x00000de6       0x72 can-bridge-ccs.o
                0x00000de6                send_can2
 .text.can_handler
                0x00000e58       0xe0 can-bridge-ccs.o
                0x00000e58                can_handler
 .text.__vector_64
                0x00000f38       0x4c can-bridge-ccs.o
                0x00000f38                __vector_64
 .text.__vector_65
                0x00000f84       0x4e can-bridge-ccs.o
                0x00000f84                __vector_65
 .text.__vector_2
                0x00000fd2       0x4e can-bridge-ccs.o
                0x00000fd2                __vector_2
 .text.check_can3
                0x00001020       0x4a can-bridge-ccs.o
                0x00001020                check_can3
 .text.__vector_20
                0x0000106a       0x4a can-bridge-ccs.o
                0x0000106a                __vector_20
                0x000010b4                . = ALIGN (0x2)
 *(.fini9)
 .fini9         0x000010b4        0x0 c:/program files (x86)/atmel/studio/7.0/toolchain/avr8/avr8-gnu-toolchain/bin/../lib/gcc/avr/5.4.0/avrxmega2\libgcc.a(_exit.o)
                0x000010b4                _exit
                0x000010b4                exit
 *(.fini9)
 *(.fini8)
 *(.fini8)
 *(.fini7)
 *(.fini7)
 *(.fini6)
 *(.fini6)
 *(.fini5)
 *(.fini5)
 *(.fini4)
 *(.fini4)
 *(.fini3)
 *(.fini3)
 *(.fini2)
 *(.fini2)
 *(.fini1)
 *(.fini1)
 *(.fini0)
 .fini0         0x000010b4        0x4 c:/program files (x86)/atmel/studio/7.0/toolchain/avr8/avr8-gnu-toolchain/bin/../lib/gcc/avr/5.4.0/avrxmega2\libgcc.a(_exit.o)
 *(.fini0)
                0x000010b8                _etext = .

.data           0x00802000        0x4 load address 0x000010b8
                0x00802000                PROVIDE (__data_start, .)
 *(.data)
 *(.data*)
 .data.ms_timer_100
                0x00802000        0x2 can-bridge-ccs.o
                0x00802000                ms_timer_100
 .data.sec_timer
                0x00802002        0x2 can-bridge-ccs.o
                0x00802002                sec_timer
 *(.gnu.linkonce.d*)
 *(.rodata)
 *(.rodata*)
 *(.gnu.linkonce.r*)
                0x00802004                . = ALIGN (0x2)
                0x00802004                _edata = .
                0x00802004                PROVIDE (__data_end, .)

.bss            0x00802004      0x498
                0x00802004                PROVIDE (__bss_start, .)
 *(.bss)
 *(.bss*)
 .bss.tx3_buffer_end
                0x00802004        0x1 can-bridge-ccs.o
                0x00802004                tx3_buffer_end
 .bss.tx3_buffer_pos
                0x00802005        0x1 can-bridge-ccs.o
                0x00802005                tx3_buffer_pos
 .bss.tx2_buffer_end
                0x00802006        0x1 can-bridge-ccs.o
                0x00802006                tx2_buffer_end
 .bss.tx2_buffer_pos
                0x00802007        0x1 can-bridge-ccs.o
                0x00802007                tx2_buffer_pos
 .bss.tx0_buffer_end
                0x00802008        0x1 can-bridge-ccs.o
                0x00802008                tx0_buffer_end
 .bss.tx0_buffer_pos
                0x00802009        0x1 can-bridge-ccs.o
                0x00802009                tx0_buffer_pos
 .bss.can_busy  0x0080200a        0x1 can-bridge-ccs.o
                0x0080200a                can_busy
 *(COMMON)
 COMMON         0x0080200b        0x3 LUFA/Drivers/USB/Core/DeviceStandardReq.o
                0x0080200b                USB_Device_ConfigurationNumber
                0x0080200c                USB_Device_CurrentlySelfPowered
                0x0080200d                USB_Device_RemoteWakeupEnabled
 COMMON         0x0080200e        0xa LUFA/Drivers/USB/Core/USBTask.o
                0x0080200e                USB_IsInitialized
                0x0080200f                USB_DeviceState
                0x00802010                USB_ControlRequest
 COMMON         0x00802018      0x299 LUFA/Drivers/USB/Core/XMEGA/Endpoint_XMEGA.o
                0x00802018                USB_Endpoint_SelectedFIFO
                0x0080201a                USB_Endpoint_SelectedHandle
                0x0080201c                USB_Endpoint_SelectedEndpoint
                0x0080201d                USB_Endpoint_FIFOs
 COMMON         0x008022b1       0x54 LUFA/Drivers/USB/Core/XMEGA/USBController_XMEGA.o
                0x008022b1                USB_EndpointTable
                0x00802304                USB_Options
 COMMON         0x00802305      0x197 can-bridge-ccs.o
                0x00802305                tx3_buffer
                0x0080233c                tx2_buffer
                0x008023ec                tx0_buffer
                0x0080249c                PROVIDE (__bss_end, .)
                0x000010b8                __data_load_start = LOADADDR (.data)
                0x000010bc                __data_load_end = (__data_load_start + SIZEOF (.data))

.noinit         0x0080249c        0x0
                [!provide]                PROVIDE (__noinit_start, .)
 *(.noinit*)
                [!provide]                PROVIDE (__noinit_end, .)
                0x0080249c                _end = .
                [!provide]                PROVIDE (__heap_start, .)

.eeprom         0x00810000        0x0
 *(.eeprom*)
                0x00810000                __eeprom_end = .

.fuse
 *(.fuse)
 *(.lfuse)
 *(.hfuse)
 *(.efuse)

.lock
 *(.lock*)

.signature
 *(.signature*)

.user_signatures
 *(.user_signatures*)

.stab
 *(.stab)

.stabstr
 *(.stabstr)

.stab.excl
 *(.stab.excl)

.stab.exclstr
 *(.stab.exclstr)

.stab.index
 *(.stab.index)

.stab.indexstr
 *(.stab.indexstr)

.comment        0x00000000       0x30
 *(.comment)
 .comment       0x00000000       0x30 LUFA/Drivers/USB/Core/DeviceStandardReq.o
                                 0x31 (size before relaxing)
 .comment       0x00000030       0x31 LUFA/Drivers/USB/Core/Events.o
 .comment       0x00000030       0x31 LUFA/Drivers/USB/Core/USBTask.o
 .comment       0x00000030       0x31 LUFA/Drivers/USB/Core/XMEGA/Endpoint_XMEGA.o
 .comment       0x00000030       0x31 LUFA/Drivers/USB/Core/XMEGA/USBController_XMEGA.o
 .comment       0x00000030       0x31 LUFA/Drivers/USB/Core/XMEGA/USBInterrupt_XMEGA.o
 .comment       0x00000030       0x31 mcp25xx.o
 .comment       0x00000030       0x31 can-bridge-ccs.o

.note.gnu.avr.deviceinfo
                0x00000000       0x40
 .note.gnu.avr.deviceinfo
                0x00000000       0x40 C:/Program Files (x86)/Atmel/Studio/7.0/Packs/atmel/XMEGAC_DFP/1.1.50/gcc/dev/atxmega32c4/avrxmega2/crtatxmega32c4.o

.note.gnu.build-id
 *(.note.gnu.build-id)

.debug
 *(.debug)

.line
 *(.line)

.debug_srcinfo
 *(.debug_srcinfo)

.debug_sfnames
 *(.debug_sfnames)

.debug_aranges  0x00000000      0x308
 *(.debug_aranges)
 .debug_aranges
                0x00000000       0x20 LUFA/Drivers/USB/Core/DeviceStandardReq.o
 .debug_aranges
                0x00000020       0x20 LUFA/Drivers/USB/Core/Events.o
 .debug_aranges
                0x00000040       0x20 LUFA/Drivers/USB/Core/USBTask.o
 .debug_aranges
                0x00000060       0x90 LUFA/Drivers/USB/Core/XMEGA/Endpoint_XMEGA.o
 .debug_aranges
                0x000000f0       0x30 LUFA/Drivers/USB/Core/XMEGA/USBController_XMEGA.o
 .debug_aranges
                0x00000120       0x30 LUFA/Drivers/USB/Core/XMEGA/USBInterrupt_XMEGA.o
 .debug_aranges
                0x00000150      0x118 mcp25xx.o
 .debug_aranges
                0x00000268       0xa0 can-bridge-ccs.o

.debug_pubnames
 *(.debug_pubnames)

.debug_info     0x00000000     0x917b
 *(.debug_info .gnu.linkonce.wi.*)
 .debug_info    0x00000000     0x2226 C:/Program Files (x86)/Atmel/Studio/7.0/Packs/atmel/XMEGAC_DFP/1.1.50/gcc/dev/atxmega32c4/avrxmega2/crtatxmega32c4.o
 .debug_info    0x00002226     0x1180 LUFA/Drivers/USB/Core/DeviceStandardReq.o
 .debug_info    0x000033a6       0x7f LUFA/Drivers/USB/Core/Events.o
 .debug_info    0x00003425      0x42d LUFA/Drivers/USB/Core/USBTask.o
 .debug_info    0x00003852      0xd24 LUFA/Drivers/USB/Core/XMEGA/Endpoint_XMEGA.o
 .debug_info    0x00004576      0xd90 LUFA/Drivers/USB/Core/XMEGA/USBController_XMEGA.o
 .debug_info    0x00005306      0xa81 LUFA/Drivers/USB/Core/XMEGA/USBInterrupt_XMEGA.o
 .debug_info    0x00005d87     0x12ed mcp25xx.o
 .debug_info    0x00007074     0x2107 can-bridge-ccs.o

.debug_abbrev   0x00000000     0x33d7
 *(.debug_abbrev)
 .debug_abbrev  0x00000000     0x2056 C:/Program Files (x86)/Atmel/Studio/7.0/Packs/atmel/XMEGAC_DFP/1.1.50/gcc/dev/atxmega32c4/avrxmega2/crtatxmega32c4.o
 .debug_abbrev  0x00002056      0x313 LUFA/Drivers/USB/Core/DeviceStandardReq.o
 .debug_abbrev  0x00002369       0x44 LUFA/Drivers/USB/Core/Events.o
 .debug_abbrev  0x000023ad      0x1fb LUFA/Drivers/USB/Core/USBTask.o
 .debug_abbrev  0x000025a8      0x2f6 LUFA/Drivers/USB/Core/XMEGA/Endpoint_XMEGA.o
 .debug_abbrev  0x0000289e      0x2cb LUFA/Drivers/USB/Core/XMEGA/USBController_XMEGA.o
 .debug_abbrev  0x00002b69      0x247 LUFA/Drivers/USB/Core/XMEGA/USBInterrupt_XMEGA.o
 .debug_abbrev  0x00002db0      0x2ae mcp25xx.o
 .debug_abbrev  0x0000305e      0x379 can-bridge-ccs.o

.debug_line     0x00000000     0x26fd
 *(.debug_line .debug_line.* .debug_line_end)
 .debug_line    0x00000000      0x391 C:/Program Files (x86)/Atmel/Studio/7.0/Packs/atmel/XMEGAC_DFP/1.1.50/gcc/dev/atxmega32c4/avrxmega2/crtatxmega32c4.o
 .debug_line    0x00000391      0x49c LUFA/Drivers/USB/Core/DeviceStandardReq.o
 .debug_line    0x0000082d       0x4f LUFA/Drivers/USB/Core/Events.o
 .debug_line    0x0000087c      0x1d6 LUFA/Drivers/USB/Core/USBTask.o
 .debug_line    0x00000a52      0x6a0 LUFA/Drivers/USB/Core/XMEGA/Endpoint_XMEGA.o
 .debug_line    0x000010f2      0x3d6 LUFA/Drivers/USB/Core/XMEGA/USBController_XMEGA.o
 .debug_line    0x000014c8      0x395 LUFA/Drivers/USB/Core/XMEGA/USBInterrupt_XMEGA.o
 .debug_line    0x0000185d      0x6f4 mcp25xx.o
 .debug_line    0x00001f51      0x7ac can-bridge-ccs.o

.debug_frame    0x00000000      0x9e4
 *(.debug_frame)
 .debug_frame   0x00000000       0x48 LUFA/Drivers/USB/Core/DeviceStandardReq.o
 .debug_frame   0x00000048       0x24 LUFA/Drivers/USB/Core/Events.o
 .debug_frame   0x0000006c       0x2c LUFA/Drivers/USB/Core/USBTask.o
 .debug_frame   0x00000098      0x158 LUFA/Drivers/USB/Core/XMEGA/Endpoint_XMEGA.o
 .debug_frame   0x000001f0       0x50 LUFA/Drivers/USB/Core/XMEGA/USBController_XMEGA.o
 .debug_frame   0x00000240       0x8c LUFA/Drivers/USB/Core/XMEGA/USBInterrupt_XMEGA.o
 .debug_frame   0x000002cc      0x3e8 mcp25xx.o
 .debug_frame   0x000006b4      0x330 can-bridge-ccs.o

.debug_str      0x00000000     0x3c95
 *(.debug_str)
 .debug_str     0x00000000     0x168f C:/Program Files (x86)/Atmel/Studio/7.0/Packs/atmel/XMEGAC_DFP/1.1.50/gcc/dev/atxmega32c4/avrxmega2/crtatxmega32c4.o
 .debug_str     0x0000168f     0x117f LUFA/Drivers/USB/Core/DeviceStandardReq.o
                               0x11f2 (size before relaxing)
 .debug_str     0x0000280e       0x31 LUFA/Drivers/USB/Core/Events.o
                                0x1b9 (size before relaxing)
 .debug_str     0x0000283f       0x79 LUFA/Drivers/USB/Core/USBTask.o
                                0x485 (size before relaxing)
 .debug_str     0x000028b8      0x334 LUFA/Drivers/USB/Core/XMEGA/Endpoint_XMEGA.o
                                0xb0b (size before relaxing)
 .debug_str     0x00002bec      0x234 LUFA/Drivers/USB/Core/XMEGA/USBController_XMEGA.o
                                0xec7 (size before relaxing)
 .debug_str     0x00002e20       0xdf LUFA/Drivers/USB/Core/XMEGA/USBInterrupt_XMEGA.o
                                0x96c (size before relaxing)
 .debug_str     0x00002eff      0x37e mcp25xx.o
                                0x55f (size before relaxing)
 .debug_str     0x0000327d      0xa18 can-bridge-ccs.o
                               0x1520 (size before relaxing)

.debug_loc      0x00000000     0x289d
 *(.debug_loc)
 .debug_loc     0x00000000      0x2d7 LUFA/Drivers/USB/Core/DeviceStandardReq.o
 .debug_loc     0x000002d7       0x22 LUFA/Drivers/USB/Core/USBTask.o
 .debug_loc     0x000002f9      0x578 LUFA/Drivers/USB/Core/XMEGA/Endpoint_XMEGA.o
 .debug_loc     0x00000871      0x109 LUFA/Drivers/USB/Core/XMEGA/USBController_XMEGA.o
 .debug_loc     0x0000097a      0x1e4 LUFA/Drivers/USB/Core/XMEGA/USBInterrupt_XMEGA.o
 .debug_loc     0x00000b5e     0x14cb mcp25xx.o
 .debug_loc     0x00002029      0x874 can-bridge-ccs.o

.debug_macinfo
 *(.debug_macinfo)

.debug_weaknames
 *(.debug_weaknames)

.debug_funcnames
 *(.debug_funcnames)

.debug_typenames
 *(.debug_typenames)

.debug_varnames
 *(.debug_varnames)

.debug_pubtypes
 *(.debug_pubtypes)

.debug_ranges   0x00000000      0x308
 *(.debug_ranges)
 .debug_ranges  0x00000000       0x58 LUFA/Drivers/USB/Core/DeviceStandardReq.o
 .debug_ranges  0x00000058       0x10 LUFA/Drivers/USB/Core/Events.o
 .debug_ranges  0x00000068       0x10 LUFA/Drivers/USB/Core/USBTask.o
 .debug_ranges  0x00000078       0xb8 LUFA/Drivers/USB/Core/XMEGA/Endpoint_XMEGA.o
 .debug_ranges  0x00000130       0x20 LUFA/Drivers/USB/Core/XMEGA/USBController_XMEGA.o
 .debug_ranges  0x00000150       0x20 LUFA/Drivers/USB/Core/XMEGA/USBInterrupt_XMEGA.o
 .debug_ranges  0x00000170      0x108 mcp25xx.o
 .debug_ranges  0x00000278       0x90 can-bridge-ccs.o

.debug_macro
 *(.debug_macro)
OUTPUT(can-bridge-ccs.elf elf32-avr)
LOAD linker stubs
